<?xml version="1.0" encoding="UTF-8"?>
<testng-results ignored="0" total="11" passed="11" failed="0" skipped="0">
  <reporter-output>
  </reporter-output>
  <suite started-at="2024-11-02T15:21:46 IST" name="Gradle suite" finished-at="2024-11-02T15:26:16 IST" duration-ms="269372">
    <groups>
      <group name="CartFunctionality">
        <method signature="QKART_Tests.TestCase06()[pri:0, instance:QKART_TESTNG.QKART_Tests@5f25b937]" name="TestCase06" class="QKART_TESTNG.QKART_Tests"/>
        <method signature="QKART_Tests.TestCase07()[pri:0, instance:QKART_TESTNG.QKART_Tests@5f25b937]" name="TestCase07" class="QKART_TESTNG.QKART_Tests"/>
      </group> <!-- CartFunctionality -->
      <group name="BalanceValidation">
        <method signature="QKART_Tests.TestCase08()[pri:0, instance:QKART_TESTNG.QKART_Tests@5f25b937]" name="TestCase08" class="QKART_TESTNG.QKART_Tests"/>
        <method signature="QKART_Tests.TestCase09()[pri:0, instance:QKART_TESTNG.QKART_Tests@5f25b937]" name="TestCase09" class="QKART_TESTNG.QKART_Tests"/>
      </group> <!-- BalanceValidation -->
    </groups>
    <test started-at="2024-11-02T15:21:46 IST" name="Gradle test" finished-at="2024-11-02T15:26:16 IST" duration-ms="269372">
      <class name="QKART_TESTNG.QKART_Tests">
        <test-method is-config="true" signature="createDriver()[pri:0, instance:QKART_TESTNG.QKART_Tests@5f25b937]" started-at="2024-11-02T15:21:44 IST" name="createDriver" finished-at="2024-11-02T15:21:46 IST" duration-ms="2333" status="PASS">
          <reporter-output>
          </reporter-output>
        </test-method> <!-- createDriver -->
        <test-method signature="TestCase01()[pri:0, instance:QKART_TESTNG.QKART_Tests@5f25b937]" started-at="2024-11-02T15:21:46 IST" name="TestCase01" finished-at="2024-11-02T15:21:55 IST" duration-ms="8282" status="PASS">
          <reporter-output>
          </reporter-output>
        </test-method> <!-- TestCase01 -->
        <test-method signature="TestCase02()[pri:0, instance:QKART_TESTNG.QKART_Tests@5f25b937]" started-at="2024-11-02T15:21:55 IST" name="TestCase02" finished-at="2024-11-02T15:22:29 IST" duration-ms="34734" status="PASS">
          <reporter-output>
          </reporter-output>
        </test-method> <!-- TestCase02 -->
        <test-method signature="TestCase03()[pri:0, instance:QKART_TESTNG.QKART_Tests@5f25b937]" started-at="2024-11-02T15:22:29 IST" name="TestCase03" finished-at="2024-11-02T15:23:04 IST" duration-ms="35053" status="PASS">
          <reporter-output>
          </reporter-output>
        </test-method> <!-- TestCase03 -->
        <test-method signature="TestCase04()[pri:0, instance:QKART_TESTNG.QKART_Tests@5f25b937]" started-at="2024-11-02T15:23:04 IST" name="TestCase04" finished-at="2024-11-02T15:23:23 IST" duration-ms="18903" status="PASS">
          <reporter-output>
          </reporter-output>
        </test-method> <!-- TestCase04 -->
        <test-method signature="TestCase05()[pri:0, instance:QKART_TESTNG.QKART_Tests@5f25b937]" started-at="2024-11-02T15:23:23 IST" name="TestCase05" finished-at="2024-11-02T15:23:47 IST" duration-ms="23789" status="PASS">
          <reporter-output>
          </reporter-output>
        </test-method> <!-- TestCase05 -->
        <test-method signature="TestCase06()[pri:0, instance:QKART_TESTNG.QKART_Tests@5f25b937]" started-at="2024-11-02T15:23:47 IST" name="TestCase06" finished-at="2024-11-02T15:24:16 IST" duration-ms="28838" status="PASS">
          <reporter-output>
          </reporter-output>
        </test-method> <!-- TestCase06 -->
        <test-method signature="TestCase07()[pri:0, instance:QKART_TESTNG.QKART_Tests@5f25b937]" started-at="2024-11-02T15:24:16 IST" name="TestCase07" finished-at="2024-11-02T15:25:24 IST" duration-ms="68185" status="PASS">
          <reporter-output>
          </reporter-output>
        </test-method> <!-- TestCase07 -->
        <test-method signature="TestCase08()[pri:0, instance:QKART_TESTNG.QKART_Tests@5f25b937]" started-at="2024-11-02T15:25:24 IST" name="TestCase08" finished-at="2024-11-02T15:25:40 IST" duration-ms="15596" status="PASS">
          <reporter-output>
          </reporter-output>
        </test-method> <!-- TestCase08 -->
        <test-method signature="TestCase09()[pri:0, instance:QKART_TESTNG.QKART_Tests@5f25b937]" started-at="2024-11-02T15:25:40 IST" name="TestCase09" finished-at="2024-11-02T15:25:49 IST" duration-ms="9157" status="PASS">
          <reporter-output>
          </reporter-output>
        </test-method> <!-- TestCase09 -->
        <test-method signature="TestCase10()[pri:0, instance:QKART_TESTNG.QKART_Tests@5f25b937]" started-at="2024-11-02T15:25:49 IST" name="TestCase10" finished-at="2024-11-02T15:25:52 IST" duration-ms="3084" status="PASS">
          <reporter-output>
          </reporter-output>
        </test-method> <!-- TestCase10 -->
        <test-method signature="TestCase11()[pri:0, instance:QKART_TESTNG.QKART_Tests@5f25b937]" started-at="2024-11-02T15:25:52 IST" name="TestCase11" finished-at="2024-11-02T15:26:16 IST" duration-ms="23601" status="PASS">
          <reporter-output>
          </reporter-output>
        </test-method> <!-- TestCase11 -->
        <test-method is-config="true" signature="quitDriver()[pri:0, instance:QKART_TESTNG.QKART_Tests@5f25b937]" started-at="2024-11-02T15:26:16 IST" name="quitDriver" finished-at="2024-11-02T15:26:16 IST" duration-ms="120" status="PASS">
          <reporter-output>
          </reporter-output>
        </test-method> <!-- quitDriver -->
      </class> <!-- QKART_TESTNG.QKART_Tests -->
    </test> <!-- Gradle test -->
  </suite> <!-- Gradle suite -->
</testng-results>
